// Jest Snapshot v1, https://goo.gl/fbAQLP

exports[`Button renders correctly 1`] = `
<span
  class="Button__StyledButton-sc-6pjoi6-0 dJFaRa"
/>
`;
