// Jest Snapshot v1, https://goo.gl/fbAQLP

exports[`LogoutButton renders correctly 1`] = `
<svg>
  logout.svg
</svg>
`;
