// Jest Snapshot v1, https://goo.gl/fbAQLP

exports[`ResetFilterButton renders correctly 1`] = `
<button
  class="ResetFilterButton__StyledResetFilterButton-sc-12zadcj-0 hWRVZg"
>
   
  <svg>
    close.svg
  </svg>
</button>
`;
