// Jest Snapshot v1, https://goo.gl/fbAQLP

exports[`ContentSeparator renders correctly 1`] = `
<div
  class="ContentSeparator__StyledDiv-sovh7i-0 kevikD"
>
  <span>
     
  </span>
</div>
`;
