// Jest Snapshot v1, https://goo.gl/fbAQLP

exports[`SaveButton renders correctly 1`] = `
<div
  class="SaveButton__StyledIcon-sc-1k8t7fc-0 cVbIyc"
>
  <svg
    data-testid="TestSaveButton"
    height="50px"
  >
    save-footer-button.svg
  </svg>
</div>
`;
