// Jest Snapshot v1, https://goo.gl/fbAQLP

exports[`KeepitList renders correctly 1`] = `
<ul
  class="KeepitList__StyledUl-sc-1db6amq-2 lnJtTs"
>
  <li>
    <img
      alt=""
      class="KeepitList__StyledImg-sc-1db6amq-1 bA-Drmk"
      data-testid="TestKeepitImg"
      src="https://www.test.de/images/svgicons/test.de-logo;v37467901.svg"
    />
    <div
      class="KeepitList__StyledStarRating-sc-1db6amq-0 iDCVPP"
    >
      <svg
        fill="var(--color-primary)"
        width="5"
      >
        star.svg
      </svg>
      <svg
        fill="var(--color-primary)"
        width="5"
      >
        star.svg
      </svg>
      <svg
        fill="var(--color-primary)"
        width="5"
      >
        star.svg
      </svg>
      <svg
        fill="var(--color-primary)"
        width="5"
      >
        star.svg
      </svg>
    </div>
  </li>
</ul>
`;
