// Jest Snapshot v1, https://goo.gl/fbAQLP

exports[`TaglistNewKeepit renders correctly 1`] = `
<ul
  class="TaglistNewKeepit__StyledTagList-sc-1jvl86a-2 cfNsvs"
>
  <li
    class="TaglistNewKeepit__StyledLi-sc-1jvl86a-3 jJgOsw"
  >
    <svg>
      tag-plus.svg
    </svg>
    <span
      class="TaglistNewKeepit__StyledTagText-sc-1jvl86a-1 dIgmxD"
    >
      Beer
    </span>
    <svg
      fill="#fff"
    >
      cloud.svg
    </svg>
  </li>
  <li
    class="TaglistNewKeepit__StyledLi-sc-1jvl86a-3 jJgOsw"
  >
    <svg>
      tag-plus.svg
    </svg>
    <span
      class="TaglistNewKeepit__StyledTagText-sc-1jvl86a-1 dIgmxD"
    >
      Barware
    </span>
    <svg
      fill="#fff"
    >
      cloud.svg
    </svg>
  </li>
</ul>
`;
